#! /c/Source/iverilog-install/bin/vvp
:ivl_version "12.0 (devel)" "(s20150603-1110-g18392a46)";
:ivl_delay_selection "TYPICAL";
:vpi_time_precision - 12;
:vpi_module "D:\iverilog\lib\ivl\system.vpi";
:vpi_module "D:\iverilog\lib\ivl\vhdl_sys.vpi";
:vpi_module "D:\iverilog\lib\ivl\vhdl_textio.vpi";
:vpi_module "D:\iverilog\lib\ivl\v2005_math.vpi";
:vpi_module "D:\iverilog\lib\ivl\va_math.vpi";
S_000001af07c3a7d0 .scope module, "counting_tb" "counting_tb" 2 4;
 .timescale -9 -12;
v000001af07d448e0_0 .net "ans", 0 0, L_000001af07cf31e0;  1 drivers
v000001af07cf33c0_0 .var "clk", 0 0;
v000001af07cf30a0_0 .var "num", 1 0;
S_000001af07c3ba00 .scope module, "counting_inst" "counting" 2 8, 3 27 0, S_000001af07c3a7d0;
 .timescale -9 -12;
    .port_info 0 /INPUT 2 "num";
    .port_info 1 /INPUT 1 "clk";
    .port_info 2 /OUTPUT 1 "ans";
L_000001af07d44988 .functor BUFT 1, C4<11>, C4<0>, C4<0>, C4<0>;
v000001af07c36d00_0 .net/2u *"_ivl_0", 1 0, L_000001af07d44988;  1 drivers
v000001af07c36ae0_0 .net *"_ivl_2", 0 0, L_000001af07cf3140;  1 drivers
L_000001af07d449d0 .functor BUFT 1, C4<01>, C4<0>, C4<0>, C4<0>;
v000001af07cfc050_0 .net/2u *"_ivl_4", 1 0, L_000001af07d449d0;  1 drivers
L_000001af07d44a18 .functor BUFT 1, C4<00>, C4<0>, C4<0>, C4<0>;
v000001af07c366c0_0 .net/2u *"_ivl_6", 1 0, L_000001af07d44a18;  1 drivers
v000001af07c3bb90_0 .net *"_ivl_8", 1 0, L_000001af07cf3640;  1 drivers
v000001af07c3bc30_0 .net "ans", 0 0, L_000001af07cf31e0;  alias, 1 drivers
v000001af07c3bcd0_0 .net "clk", 0 0, v000001af07cf33c0_0;  1 drivers
v000001af07c3bd70_0 .net "num", 1 0, v000001af07cf30a0_0;  1 drivers
v000001af07d44840_0 .var "status", 1 0;
E_000001af07c39b70 .event posedge, v000001af07c3bcd0_0;
L_000001af07cf3140 .cmp/eq 2, v000001af07d44840_0, L_000001af07d44988;
L_000001af07cf3640 .functor MUXZ 2, L_000001af07d44a18, L_000001af07d449d0, L_000001af07cf3140, C4<>;
L_000001af07cf31e0 .part L_000001af07cf3640, 0, 1;
    .scope S_000001af07c3ba00;
T_0 ;
    %pushi/vec4 0, 0, 2;
    %assign/vec4 v000001af07d44840_0, 0;
    %end;
    .thread T_0;
    .scope S_000001af07c3ba00;
T_1 ;
    %wait E_000001af07c39b70;
    %load/vec4 v000001af07d44840_0;
    %dup/vec4;
    %pushi/vec4 0, 0, 2;
    %cmp/u;
    %jmp/1 T_1.0, 6;
    %dup/vec4;
    %pushi/vec4 1, 0, 2;
    %cmp/u;
    %jmp/1 T_1.1, 6;
    %dup/vec4;
    %pushi/vec4 2, 0, 2;
    %cmp/u;
    %jmp/1 T_1.2, 6;
    %dup/vec4;
    %pushi/vec4 3, 0, 2;
    %cmp/u;
    %jmp/1 T_1.3, 6;
    %jmp T_1.4;
T_1.0 ;
    %load/vec4 v000001af07c3bd70_0;
    %cmpi/e 1, 0, 2;
    %jmp/0xz  T_1.5, 4;
    %pushi/vec4 1, 0, 2;
    %assign/vec4 v000001af07d44840_0, 0;
    %jmp T_1.6;
T_1.5 ;
    %pushi/vec4 0, 0, 2;
    %assign/vec4 v000001af07d44840_0, 0;
T_1.6 ;
    %jmp T_1.4;
T_1.1 ;
    %load/vec4 v000001af07c3bd70_0;
    %cmpi/e 1, 0, 2;
    %jmp/0xz  T_1.7, 4;
    %pushi/vec4 1, 0, 2;
    %assign/vec4 v000001af07d44840_0, 0;
    %jmp T_1.8;
T_1.7 ;
    %load/vec4 v000001af07c3bd70_0;
    %cmpi/e 2, 0, 2;
    %jmp/0xz  T_1.9, 4;
    %pushi/vec4 2, 0, 2;
    %assign/vec4 v000001af07d44840_0, 0;
    %jmp T_1.10;
T_1.9 ;
    %load/vec4 v000001af07c3bd70_0;
    %cmpi/e 3, 0, 2;
    %jmp/0xz  T_1.11, 4;
    %pushi/vec4 0, 0, 2;
    %assign/vec4 v000001af07d44840_0, 0;
    %jmp T_1.12;
T_1.11 ;
    %pushi/vec4 0, 0, 2;
    %assign/vec4 v000001af07d44840_0, 0;
T_1.12 ;
T_1.10 ;
T_1.8 ;
    %jmp T_1.4;
T_1.2 ;
    %load/vec4 v000001af07c3bd70_0;
    %cmpi/e 1, 0, 2;
    %jmp/0xz  T_1.13, 4;
    %pushi/vec4 1, 0, 2;
    %assign/vec4 v000001af07d44840_0, 0;
    %jmp T_1.14;
T_1.13 ;
    %load/vec4 v000001af07c3bd70_0;
    %cmpi/e 2, 0, 2;
    %jmp/0xz  T_1.15, 4;
    %pushi/vec4 2, 0, 2;
    %assign/vec4 v000001af07d44840_0, 0;
    %jmp T_1.16;
T_1.15 ;
    %load/vec4 v000001af07c3bd70_0;
    %cmpi/e 3, 0, 2;
    %jmp/0xz  T_1.17, 4;
    %pushi/vec4 3, 0, 2;
    %assign/vec4 v000001af07d44840_0, 0;
    %jmp T_1.18;
T_1.17 ;
    %pushi/vec4 0, 0, 2;
    %assign/vec4 v000001af07d44840_0, 0;
T_1.18 ;
T_1.16 ;
T_1.14 ;
    %jmp T_1.4;
T_1.3 ;
    %load/vec4 v000001af07c3bd70_0;
    %cmpi/e 1, 0, 2;
    %jmp/0xz  T_1.19, 4;
    %pushi/vec4 1, 0, 2;
    %assign/vec4 v000001af07d44840_0, 0;
    %jmp T_1.20;
T_1.19 ;
    %load/vec4 v000001af07c3bd70_0;
    %cmpi/e 2, 0, 2;
    %jmp/0xz  T_1.21, 4;
    %pushi/vec4 0, 0, 2;
    %assign/vec4 v000001af07d44840_0, 0;
    %jmp T_1.22;
T_1.21 ;
    %load/vec4 v000001af07c3bd70_0;
    %cmpi/e 3, 0, 2;
    %jmp/0xz  T_1.23, 4;
    %pushi/vec4 3, 0, 2;
    %assign/vec4 v000001af07d44840_0, 0;
    %jmp T_1.24;
T_1.23 ;
    %pushi/vec4 0, 0, 2;
    %assign/vec4 v000001af07d44840_0, 0;
T_1.24 ;
T_1.22 ;
T_1.20 ;
    %jmp T_1.4;
T_1.4 ;
    %pop/vec4 1;
    %jmp T_1;
    .thread T_1;
    .scope S_000001af07c3a7d0;
T_2 ;
    %delay 5000, 0;
    %load/vec4 v000001af07cf33c0_0;
    %nor/r;
    %store/vec4 v000001af07cf33c0_0, 0, 1;
    %jmp T_2;
    .thread T_2;
    .scope S_000001af07c3a7d0;
T_3 ;
    %delay 5000, 0;
    %pushi/vec4 1, 0, 2;
    %store/vec4 v000001af07cf30a0_0, 0, 2;
    %delay 5000, 0;
    %pushi/vec4 3, 0, 2;
    %store/vec4 v000001af07cf30a0_0, 0, 2;
    %delay 5000, 0;
    %pushi/vec4 1, 0, 2;
    %store/vec4 v000001af07cf30a0_0, 0, 2;
    %delay 5000, 0;
    %pushi/vec4 2, 0, 2;
    %store/vec4 v000001af07cf30a0_0, 0, 2;
    %delay 5000, 0;
    %pushi/vec4 2, 0, 2;
    %store/vec4 v000001af07cf30a0_0, 0, 2;
    %delay 5000, 0;
    %pushi/vec4 3, 0, 2;
    %store/vec4 v000001af07cf30a0_0, 0, 2;
    %delay 5000, 0;
    %pushi/vec4 2, 0, 2;
    %store/vec4 v000001af07cf30a0_0, 0, 2;
    %end;
    .thread T_3;
# The file index is used to find the file name in the following table.
:file_names 4;
    "N/A";
    "<interactive>";
    "test.v";
    "./counting.v";
